<?xml version="1.0" encoding="utf-8"?><testsuites><testsuite errors="0" failures="0" hostname="DESKTOP-8H0MF42" name="pytest" skipped="0" tests="7" time="11.477" timestamp="2020-04-23T00:18:28.387900"><testcase classname="first_example.test_widget" file="first_example\test_widget.py" line="0" name="test_widget_function_as_expected" time="0.001"></testcase><testcase classname="first_example.test_widget" file="first_example\test_widget.py" line="4" name="test_widget_fails" time="0.000"></testcase><testcase classname="tests.sportscar.body.test_body.BodyTests" file="tests\sportscar\body\test_body.py" line="6" name="test_can_navigate_to_motor_page" time="7.863"></testcase><testcase classname="tests.sportscar.body.test_body.BodyTests" file="tests\sportscar\body\test_body.py" line="10" name="test_bumper" time="0.001"></testcase><testcase classname="tests.sportscar.body.test_body.BodyTests" file="tests\sportscar\body\test_body.py" line="13" name="test_windshief" time="0.002"></testcase><testcase classname="tests.sportscar.engine.test_engine" file="tests\sportscar\engine\test_engine.py" line="2" name="test_can_navigate_to_engine_page" time="0.852"></testcase><testcase classname="tests.sportscar.entertainment.test_entertainment" file="tests\sportscar\entertainment\test_entertainment.py" line="2" name="test_can_navigate_to_entertainment_page" time="2.651"></testcase></testsuite></testsuites>